base referer
rect $classOgre_1_1BillboardParticleRenderer_1_1CmdAccurateFacing.html 245,5 587,32
rect $classOgre_1_1BillboardParticleRenderer_1_1CmdBillboardOrigin.html 248,56 584,83
rect $classOgre_1_1BillboardParticleRenderer_1_1CmdBillboardRotationType.html 227,107 605,133
rect $classOgre_1_1BillboardParticleRenderer_1_1CmdBillboardType.html 251,157 581,184
rect $classOgre_1_1BillboardParticleRenderer_1_1CmdCommonDirection.html 239,208 593,235
rect $classOgre_1_1BillboardParticleRenderer_1_1CmdCommonUpVector.html 237,259 595,285
rect $classOgre_1_1BillboardParticleRenderer_1_1CmdPointRendering.html 245,309 587,336
rect $classOgre_1_1BorderPanelOverlayElement_1_1CmdBorderBottomLeftUV.html 221,360 611,387
rect $classOgre_1_1BorderPanelOverlayElement_1_1CmdBorderBottomRightUV.html 216,411 616,437
rect $classOgre_1_1BorderPanelOverlayElement_1_1CmdBorderBottomUV.html 232,461 600,488
rect $classOgre_1_1BorderPanelOverlayElement_1_1CmdBorderLeftUV.html 243,512 589,539
rect $classOgre_1_1BorderPanelOverlayElement_1_1CmdBorderMaterial.html 239,563 593,589
rect $classOgre_1_1BorderPanelOverlayElement_1_1CmdBorderRightUV.html 239,613 593,640
rect $classOgre_1_1BorderPanelOverlayElement_1_1CmdBorderSize.html 249,664 583,691
rect $classOgre_1_1BorderPanelOverlayElement_1_1CmdBorderTopLeftUV.html 232,715 600,741
rect $classOgre_1_1BorderPanelOverlayElement_1_1CmdBorderTopRightUV.html 227,765 605,792
rect $classOgre_1_1BorderPanelOverlayElement_1_1CmdBorderTopUV.html 243,816 589,843
rect $classOgre_1_1EmitterCommands_1_1CmdAngle.html 296,867 536,893
rect $classOgre_1_1EmitterCommands_1_1CmdColour.html 293,917 539,944
rect $classOgre_1_1EmitterCommands_1_1CmdColourRangeEnd.html 261,968 571,995
rect $classOgre_1_1EmitterCommands_1_1CmdColourRangeStart.html 259,1019 573,1045
rect $classOgre_1_1EmitterCommands_1_1CmdDirection.html 287,1069 545,1096
rect $classOgre_1_1EmitterCommands_1_1CmdDuration.html 287,1120 545,1147
rect $classOgre_1_1EmitterCommands_1_1CmdEmissionRate.html 271,1171 561,1197
rect $classOgre_1_1EmitterCommands_1_1CmdEmittedEmitter.html 268,1221 564,1248
rect $classOgre_1_1EmitterCommands_1_1CmdMaxDuration.html 275,1272 557,1299
rect $classOgre_1_1EmitterCommands_1_1CmdMaxRepeatDelay.html 261,1323 571,1349
rect $classOgre_1_1EmitterCommands_1_1CmdMaxTTL.html 288,1373 544,1400
rect $classOgre_1_1EmitterCommands_1_1CmdMaxVelocity.html 276,1424 556,1451
rect $classOgre_1_1EmitterCommands_1_1CmdMinDuration.html 276,1475 556,1501
rect $classOgre_1_1EmitterCommands_1_1CmdMinRepeatDelay.html 263,1525 569,1552
rect $classOgre_1_1EmitterCommands_1_1CmdMinTTL.html 289,1576 543,1603
rect $classOgre_1_1EmitterCommands_1_1CmdMinVelocity.html 279,1627 553,1653
rect $classOgre_1_1EmitterCommands_1_1CmdName.html 295,1677 537,1704
rect $classOgre_1_1EmitterCommands_1_1CmdPosition.html 289,1728 543,1755
rect $classOgre_1_1EmitterCommands_1_1CmdRepeatDelay.html 275,1779 557,1805
rect $classOgre_1_1EmitterCommands_1_1CmdTTL.html 300,1829 532,1856
rect $classOgre_1_1EmitterCommands_1_1CmdVelocity.html 289,1880 543,1907
rect $classOgre_1_1ExternalTextureSource_1_1CmdFPS.html 287,1931 545,1957
rect $classOgre_1_1ExternalTextureSource_1_1CmdInputFileName.html 256,1981 576,2008
rect $classOgre_1_1ExternalTextureSource_1_1CmdPlayMode.html 271,2032 561,2059
rect $classOgre_1_1ExternalTextureSource_1_1CmdTecPassState.html 260,2083 572,2109
rect $classOgre_1_1Font_1_1CmdCodePoints.html 320,2133 512,2160
rect $classOgre_1_1Font_1_1CmdResolution.html 324,2184 508,2211
rect $classOgre_1_1Font_1_1CmdSize.html 341,2235 491,2261
rect $classOgre_1_1Font_1_1CmdSource.html 333,2285 499,2312
rect $classOgre_1_1Font_1_1CmdType.html 340,2336 492,2363
rect $classOgre_1_1GpuProgram_1_1CmdMorph.html 311,2387 521,2413
rect $classOgre_1_1GpuProgram_1_1CmdPose.html 315,2437 517,2464
rect $classOgre_1_1GpuProgram_1_1CmdSkeletal.html 307,2488 525,2515
rect $classOgre_1_1GpuProgram_1_1CmdSyntax.html 309,2539 523,2565
rect $classOgre_1_1GpuProgram_1_1CmdType.html 316,2589 516,2616
rect $classOgre_1_1GpuProgram_1_1CmdVTF.html 317,2640 515,2667
rect $classOgre_1_1OverlayElementCommands_1_1CmdCaption.html 263,2691 569,2717
rect $classOgre_1_1OverlayElementCommands_1_1CmdHeight.html 267,2741 565,2768
rect $classOgre_1_1OverlayElementCommands_1_1CmdHorizontalAlign.html 240,2792 592,2819
rect $classOgre_1_1OverlayElementCommands_1_1CmdLeft.html 275,2843 557,2869
rect $classOgre_1_1OverlayElementCommands_1_1CmdMaterial.html 261,2893 571,2920
rect $classOgre_1_1OverlayElementCommands_1_1CmdMetricsMode.html 248,2944 584,2971
rect $classOgre_1_1OverlayElementCommands_1_1CmdTop.html 275,2995 557,3021
rect $classOgre_1_1OverlayElementCommands_1_1CmdVerticalAlign.html 248,3045 584,3072
rect $classOgre_1_1OverlayElementCommands_1_1CmdVisible.html 267,3096 565,3123
rect $classOgre_1_1OverlayElementCommands_1_1CmdWidth.html 268,3147 564,3173
rect $classOgre_1_1PanelOverlayElement_1_1CmdTiling.html 287,3197 545,3224
rect $classOgre_1_1PanelOverlayElement_1_1CmdTransparent.html 268,3248 564,3275
rect $classOgre_1_1PanelOverlayElement_1_1CmdUVCoords.html 272,3299 560,3325
rect $classOgre_1_1ParticleSystem_1_1CmdCull.html 312,3349 520,3376
rect $classOgre_1_1ParticleSystem_1_1CmdEmittedEmitterQuota.html 260,3400 572,3427
rect $classOgre_1_1ParticleSystem_1_1CmdHeight.html 304,3451 528,3477
rect $classOgre_1_1ParticleSystem_1_1CmdIterationInterval.html 277,3501 555,3528
rect $classOgre_1_1ParticleSystem_1_1CmdLocalSpace.html 288,3552 544,3579
rect $classOgre_1_1ParticleSystem_1_1CmdMaterial.html 300,3603 532,3629
rect $classOgre_1_1ParticleSystem_1_1CmdNonvisibleTimeout.html 268,3653 564,3680
rect $classOgre_1_1ParticleSystem_1_1CmdQuota.html 305,3704 527,3731
rect $classOgre_1_1ParticleSystem_1_1CmdRenderer.html 296,3755 536,3781
rect $classOgre_1_1ParticleSystem_1_1CmdSorted.html 304,3805 528,3832
rect $classOgre_1_1ParticleSystem_1_1CmdWidth.html 305,3856 527,3883
rect $classOgre_1_1TextAreaOverlayElement_1_1CmdAlignment.html 264,3907 568,3933
rect $classOgre_1_1TextAreaOverlayElement_1_1CmdCaption.html 271,3957 561,3984
rect $classOgre_1_1TextAreaOverlayElement_1_1CmdCharHeight.html 260,4008 572,4035
rect $classOgre_1_1TextAreaOverlayElement_1_1CmdColour.html 273,4059 559,4085
rect $classOgre_1_1TextAreaOverlayElement_1_1CmdColourBottom.html 252,4109 580,4136
rect $classOgre_1_1TextAreaOverlayElement_1_1CmdColourTop.html 263,4160 569,4187
rect $classOgre_1_1TextAreaOverlayElement_1_1CmdFontName.html 263,4211 569,4237
rect $classOgre_1_1TextAreaOverlayElement_1_1CmdSpaceWidth.html 257,4261 575,4288
rect $classOgre_1_1UnifiedHighLevelGpuProgram_1_1CmdDelegate.html 252,4312 580,4339
