base referer
rect $classOgre_1_1IntersectionSceneQueryListener.html 5,5 256,32
rect $classOgre_1_1IntersectionSceneQuery.html 385,5 588,32
rect $classOgre_1_1DefaultIntersectionSceneQuery.html 739,5 984,32
rect $classOgre_1_1RaySceneQueryListener.html 28,107 233,133
rect $classOgre_1_1RaySceneQuery.html 408,56 565,83
rect $classOgre_1_1DefaultRaySceneQuery.html 761,56 961,83
rect $classOgre_1_1SceneQuery.html 64,56 197,83
rect $classOgre_1_1RegionSceneQuery.html 399,145 575,172
rect $classOgre_1_1AxisAlignedBoxSceneQuery.html 748,107 975,133
rect $classOgre_1_1PlaneBoundedVolumeListSceneQuery.html 719,157 1004,184
rect $classOgre_1_1SphereSceneQuery.html 773,208 949,235
rect $classOgre_1_1DefaultAxisAlignedBoxSceneQuery.html 1084,107 1353,133
rect $classOgre_1_1DefaultPlaneBoundedVolumeListSceneQuery.html 1053,157 1384,184
rect $classOgre_1_1DefaultSphereSceneQuery.html 1109,208 1328,235
rect $classOgre_1_1SceneQueryListener.html 40,183 221,209
rect $classOgre_1_1SceneManager_1_1ShadowCasterSceneQueryListener.html 304,196 669,223
