<area shape="rect" href="$_font_impl_8h.html" title="e:/doxygen/mpfont/src/FontImpl.h" alt="" coords="367,208,588,235">
<area shape="rect" href="$_font_impl_factory_8h.html" title="e:/doxygen/mpfont/src/FontImplFactory.h" alt="" coords="344,107,611,133">
<area shape="rect" href="$_font_abstract_8cpp.html" title="e:/doxygen/mpfont/src/FontAbstract.cpp" alt="" coords="699,157,957,184">
<area shape="rect" href="$_font_impl_8cpp.html" title="e:/doxygen/mpfont/src/FontImpl.cpp" alt="" coords="711,208,945,235">
<area shape="rect" href="$_font_impl___c_e_g_u_i_8h.html" title="e:/doxygen/mpfont/src/FontImpl_CEGUI.h" alt="" coords="693,259,963,285">
<area shape="rect" href="$_font_impl___mindpower_8h.html" title="e:/doxygen/mpfont/src/FontImpl_Mindpower.h" alt="" coords="681,309,975,336">
<area shape="rect" href="$_font_impl___c_e_g_u_i_8cpp.html" title="e:/doxygen/mpfont/src/FontImpl_CEGUI.cpp" alt="" coords="1079,259,1364,285">
<area shape="rect" href="$_font_impl_factory___c_e_g_u_i_8cpp.html" title="e:/doxygen/mpfont/src/FontImplFactory_CEGUI.cpp" alt="" coords="1056,139,1387,165">
<area shape="rect" href="$_font_impl___mindpower_8cpp.html" title="e:/doxygen/mpfont/src/FontImpl_Mindpower.cpp" alt="" coords="1068,309,1375,336">
<area shape="rect" href="$_font_impl_factory___mindpower_8cpp.html" title="e:/doxygen/mpfont/src/FontImplFactory_Mindpower.cpp" alt="" coords="1045,201,1397,228">
<area shape="rect" href="$_font_impl_factory_8cpp.html" title="e:/doxygen/mpfont/src/FontImplFactory.cpp" alt="" coords="688,5,968,32">
<area shape="rect" href="$_font_impl_factory___c_e_g_u_i_8h.html" title="e:/doxygen/mpfont/src/FontImplFactory_CEGUI.h" alt="" coords="671,56,985,83">
<area shape="rect" href="$_font_impl_factory___mindpower_8h.html" title="e:/doxygen/mpfont/src/FontImplFactory_Mindpower.h" alt="" coords="659,107,997,133">
<area shape="rect" href="$_font_system_8cpp.html" title="e:/doxygen/mpfont/src/FontSystem.cpp" alt="" coords="1095,63,1348,89">
