<area shape="rect" href="$_font_abstract_8h.html" title="e:/doxygen/mpfont/include/FontAbstract.h" alt="" coords="680,296,949,323">
<area shape="rect" href="$_font_prerequisite_8h.html" title="e:/doxygen/mpfont/include/FontPrerequisite.h" alt="" coords="341,233,632,260">
<area shape="rect" href="$_font_system_8h.html" title="e:/doxygen/mpfont/include/FontSystem.h" alt="" coords="355,372,619,399">
<area shape="rect" href="$_font_abstract_8cpp.html" title="e:/doxygen/mpfont/src/FontAbstract.cpp" alt="" coords="1037,157,1296,184">
<area shape="rect" href="$_font_system_8cpp.html" title="e:/doxygen/mpfont/src/FontSystem.cpp" alt="" coords="1433,309,1687,336">
<area shape="rect" href="$_font_impl_8h.html" title="e:/doxygen/mpfont/src/FontImpl.h" alt="" coords="704,107,925,133">
<area shape="rect" href="$_font_impl_factory_8h.html" title="e:/doxygen/mpfont/src/FontImplFactory.h" alt="" coords="681,233,948,260">
<area shape="rect" href="$_font_impl_8cpp.html" title="e:/doxygen/mpfont/src/FontImpl.cpp" alt="" coords="1049,56,1284,83">
<area shape="rect" href="$_font_impl___c_e_g_u_i_8h.html" title="e:/doxygen/mpfont/src/FontImpl_CEGUI.h" alt="" coords="1032,5,1301,32">
<area shape="rect" href="$_font_impl___mindpower_8h.html" title="e:/doxygen/mpfont/src/FontImpl_Mindpower.h" alt="" coords="1020,107,1313,133">
<area shape="rect" href="$_font_impl___c_e_g_u_i_8cpp.html" title="e:/doxygen/mpfont/src/FontImpl_CEGUI.cpp" alt="" coords="1417,5,1703,32">
<area shape="rect" href="$_font_impl_factory___c_e_g_u_i_8cpp.html" title="e:/doxygen/mpfont/src/FontImplFactory_CEGUI.cpp" alt="" coords="1395,56,1725,83">
<area shape="rect" href="$_font_impl___mindpower_8cpp.html" title="e:/doxygen/mpfont/src/FontImpl_Mindpower.cpp" alt="" coords="1407,107,1713,133">
<area shape="rect" href="$_font_impl_factory___mindpower_8cpp.html" title="e:/doxygen/mpfont/src/FontImplFactory_Mindpower.cpp" alt="" coords="1384,208,1736,235">
<area shape="rect" href="$_font_impl_factory_8cpp.html" title="e:/doxygen/mpfont/src/FontImplFactory.cpp" alt="" coords="1027,309,1307,336">
<area shape="rect" href="$_font_impl_factory___c_e_g_u_i_8h.html" title="e:/doxygen/mpfont/src/FontImplFactory_CEGUI.h" alt="" coords="1009,208,1324,235">
<area shape="rect" href="$_font_impl_factory___mindpower_8h.html" title="e:/doxygen/mpfont/src/FontImplFactory_Mindpower.h" alt="" coords="997,259,1336,285">
