<area shape="rect" href="$_font_abstract_8cpp.html" title="e:/doxygen/mpfont/src/FontAbstract.cpp" alt="" coords="360,5,619,32">
<area shape="rect" href="$_font_impl_factory_8cpp.html" title="e:/doxygen/mpfont/src/FontImplFactory.cpp" alt="" coords="349,56,629,83">
<area shape="rect" href="$_font_impl_factory___c_e_g_u_i_8h.html" title="e:/doxygen/mpfont/src/FontImplFactory_CEGUI.h" alt="" coords="332,107,647,133">
<area shape="rect" href="$_font_impl_factory___mindpower_8h.html" title="e:/doxygen/mpfont/src/FontImplFactory_Mindpower.h" alt="" coords="320,157,659,184">
<area shape="rect" href="$_font_impl_factory___c_e_g_u_i_8cpp.html" title="e:/doxygen/mpfont/src/FontImplFactory_CEGUI.cpp" alt="" coords="717,81,1048,108">
<area shape="rect" href="$_font_system_8cpp.html" title="e:/doxygen/mpfont/src/FontSystem.cpp" alt="" coords="756,132,1009,159">
<area shape="rect" href="$_font_impl_factory___mindpower_8cpp.html" title="e:/doxygen/mpfont/src/FontImplFactory_Mindpower.cpp" alt="" coords="707,183,1059,209">
